gcc -Wall -Wextra -Iinclude src/two_sum.c build/logger.o -o build/two_sum
gcc -Wall -Wextra -Iinclude src/three_sum.c build/logger.o -o build/three_sum
gcc -Wall -Wextra -Iinclude src/valid-parentheses.c build/logger.o -o build/valid-parentheses
gcc -Wall -Wextra -Iinclude src/reverse_linked_list.c build/logger.o -o build/reverse_linked_list
gcc -Wall -Wextra -Iinclude src/binary_search.c build/logger.o -o build/binary_search
gcc -Wall -Wextra -Iinclude src/binary_tree_level_order.c build/logger.o -o build/binary_tree_level_order
src/binary_tree_level_order.c: In function 'main':
src/binary_tree_level_order.c:200:9: warning: unused variable 'queue_display' [-Wunused-variable]
  200 |     int queue_display[MAX_NODES];
      |         ^~~~~~~~~~~~~
src/binary_tree_level_order.c:164:9: warning: variable 'tree_values' set but not used [-Wunused-but-set-variable]
  164 |     int tree_values[MAX_NODES];
      |         ^~~~~~~~~~~
gcc -Wall -Wextra -Iinclude src/longest_substring.c build/logger.o -o build/longest_substring
src/longest_substring.c: In function 'main':
src/longest_substring.c:54:17: warning: unused variable 'old_left' [-Wunused-variable]
   54 |             int old_left = left;
      |                 ^~~~~~~~
src/longest_substring.c:37:9: warning: variable 'start_index' set but not used [-Wunused-but-set-variable]
   37 |     int start_index = 0; // For result reconstruction if needed
      |         ^~~~~~~~~~~
gcc -Wall -Wextra -Iinclude src/bfs_graph.c build/logger.o -o build/bfs_graph
gcc -Wall -Wextra -Iinclude src/fibonacci_dp.c build/logger.o -o build/fibonacci_dp
gcc -Wall -Wextra -Iinclude src/n_queens.c build/logger.o -o build/n_queens
gcc -Wall -Wextra -Iinclude src/bubble_sort.c build/logger.o -o build/bubble_sort
gcc -Wall -Wextra -Iinclude src/bst_search.c build/logger.o -o build/bst_search
src/bst_search.c:11:1: warning: multi-line comment [-Wcomment]
   11 | //     /   \
      | ^
src/bst_search.c:13:1: warning: multi-line comment [-Wcomment]
   13 | //   / \   / \
      | ^
gcc -Wall -Wextra -Iinclude src/selection_sort.c build/logger.o -o build/selection_sort
gcc -Wall -Wextra -Iinclude src/insertion_sort.c build/logger.o -o build/insertion_sort
gcc -Wall -Wextra -Iinclude src/merge_sort.c build/logger.o -o build/merge_sort
gcc -Wall -Wextra -Iinclude src/quick_sort.c build/logger.o -o build/quick_sort
gcc -Wall -Wextra -Iinclude src/counting_sort.c build/logger.o -o build/counting_sort
gcc -Wall -Wextra -Iinclude src/radix_sort.c build/logger.o -o build/radix_sort
gcc -Wall -Wextra -Iinclude src/stack_ll.c build/logger.o -o build/stack_ll
src/stack_ll.c: In function 'stackOperations':
src/stack_ll.c:49:13: warning: unused variable 'old_head' [-Wunused-variable]
   49 |         int old_head = head;
      |             ^~~~~~~~
gcc -Wall -Wextra -Iinclude src/queue_ll.c build/logger.o -o build/queue_ll
gcc -Wall -Wextra -Iinclude src/deque_ll.c build/logger.o -o build/deque_ll
gcc -Wall -Wextra -Iinclude src/factorial.c build/logger.o -o build/factorial
gcc -Wall -Wextra -Iinclude src/recursion_fib.c build/logger.o -o build/recursion_fib
gcc -Wall -Wextra -Iinclude src/doubly_linked_list.c build/logger.o -o build/doubly_linked_list
gcc -Wall -Wextra -Iinclude src/randomized_quick_sort.c build/logger.o -o build/randomized_quick_sort
gcc -Wall -Wextra -Iinclude src/towers_of_hanoi.c build/logger.o -o build/towers_of_hanoi
src/towers_of_hanoi.c: In function 'moveDisk':
src/towers_of_hanoi.c:71:39: warning: unused parameter 'diskNum' [-Wunused-parameter]
   71 | void moveDisk(char from, char to, int diskNum) {
      |                                   ~~~~^~~~~~~
gcc -Wall -Wextra -Iinclude src/tree_inorder.c build/logger.o -o build/tree_inorder
src/tree_inorder.c: In function 'main':
src/tree_inorder.c:57:5: warning: multi-line comment [-Wcomment]
   57 |     //     /   \
      |     ^
src/tree_inorder.c:59:5: warning: multi-line comment [-Wcomment]
   59 |     //   / \   / \
      |     ^
src/tree_inorder.c:52:14: warning: unused parameter 'argc' [-Wunused-parameter]
   52 | int main(int argc, char* argv[]) {
      |          ~~~~^~~~
src/tree_inorder.c:52:26: warning: unused parameter 'argv' [-Wunused-parameter]
   52 | int main(int argc, char* argv[]) {
      |                    ~~~~~~^~~~~~
gcc -Wall -Wextra -Iinclude src/tree_preorder.c build/logger.o -o build/tree_preorder
src/tree_preorder.c: In function 'main':
src/tree_preorder.c:57:5: warning: multi-line comment [-Wcomment]
   57 |     //     /   \
      |     ^
src/tree_preorder.c:59:5: warning: multi-line comment [-Wcomment]
   59 |     //   / \   / \
      |     ^
src/tree_preorder.c:52:14: warning: unused parameter 'argc' [-Wunused-parameter]
   52 | int main(int argc, char* argv[]) {
      |          ~~~~^~~~
src/tree_preorder.c:52:26: warning: unused parameter 'argv' [-Wunused-parameter]
   52 | int main(int argc, char* argv[]) {
      |                    ~~~~~~^~~~~~
gcc -Wall -Wextra -Iinclude src/tree_postorder.c build/logger.o -o build/tree_postorder
src/tree_postorder.c: In function 'main':
src/tree_postorder.c:57:5: warning: multi-line comment [-Wcomment]
   57 |     //     /   \
      |     ^
src/tree_postorder.c:59:5: warning: multi-line comment [-Wcomment]
   59 |     //   / \   / \
      |     ^
src/tree_postorder.c:52:14: warning: unused parameter 'argc' [-Wunused-parameter]
   52 | int main(int argc, char* argv[]) {
      |          ~~~~^~~~
src/tree_postorder.c:52:26: warning: unused parameter 'argv' [-Wunused-parameter]
   52 | int main(int argc, char* argv[]) {
      |                    ~~~~~~^~~~~~
gcc -Wall -Wextra -Iinclude src/dfs_graph.c build/logger.o -o build/dfs_graph
src/dfs_graph.c: In function 'main':
src/dfs_graph.c:46:14: warning: unused parameter 'argc' [-Wunused-parameter]
   46 | int main(int argc, char* argv[]) {
      |          ~~~~^~~~
src/dfs_graph.c:46:26: warning: unused parameter 'argv' [-Wunused-parameter]
   46 | int main(int argc, char* argv[]) {
      |                    ~~~~~~^~~~~~
gcc -Wall -Wextra -Iinclude src/circular_queue.c build/logger.o -o build/circular_queue
src/circular_queue.c: In function 'main':
src/circular_queue.c:74:14: warning: unused parameter 'argc' [-Wunused-parameter]
   74 | int main(int argc, char* argv[]) {
      |          ~~~~^~~~
src/circular_queue.c:74:26: warning: unused parameter 'argv' [-Wunused-parameter]
   74 | int main(int argc, char* argv[]) {
      |                    ~~~~~~^~~~~~
gcc -Wall -Wextra -Iinclude src/infix_to_postfix.c build/logger.o -o build/infix_to_postfix
gcc -Wall -Wextra -Iinclude src/infix_to_prefix.c build/logger.o -o build/infix_to_prefix
gcc -Wall -Wextra -Iinclude src/postfix_evaluation.c build/logger.o -o build/postfix_evaluation
src/postfix_evaluation.c: In function 'evaluatePostfix':
src/postfix_evaluation.c:110:30: warning: '%s' directive writing up to 999 bytes into a region of size 249 [-Wformat-overflow=]
  110 |         sprintf(msg, "Stack: %s", stackStr);
      |                              ^~   ~~~~~~~~
src/postfix_evaluation.c:110:9: note: 'sprintf' output between 8 and 1007 bytes into a destination of size 256
  110 |         sprintf(msg, "Stack: %s", stackStr);
      |         ^~~~~~~~~~~~~~~~~~~~~~~~~~~~~~~~~~~
gcc -Wall -Wextra -Iinclude src/message_queue.c build/logger.o -o build/message_queue
src/message_queue.c: In function 'dequeue':
src/message_queue.c:59:38: warning: '%s' directive writing up to 255 bytes into a region of size 237 [-Wformat-overflow=]
   59 |     sprintf(msg, "Dequeued message: '%s'", q->messages[q->front]);
      |                                      ^~
src/message_queue.c:59:5: note: 'sprintf' output between 21 and 276 bytes into a destination of size 256
   59 |     sprintf(msg, "Dequeued message: '%s'", q->messages[q->front]);
      |     ^~~~~~~~~~~~~~~~~~~~~~~~~~~~~~~~~~~~~~~~~~~~~~~~~~~~~~~~~~~~~
src/message_queue.c: In function 'displayQueue':
src/message_queue.c:84:28: warning: '%s' directive writing up to 255 bytes into a region of size between 243 and 252 [-Wformat-overflow=]
   84 |         sprintf(msg, "[%d] %s", count + 1, q->messages[i]);
      |                            ^~
src/message_queue.c:84:9: note: 'sprintf' output between 5 and 269 bytes into a destination of size 256
   84 |         sprintf(msg, "[%d] %s", count + 1, q->messages[i]);
      |         ^~~~~~~~~~~~~~~~~~~~~~~~~~~~~~~~~~~~~~~~~~~~~~~~~~
gcc -Wall -Wextra -Iinclude src/singly_linked_list_complete.c build/logger.o -o build/singly_linked_list_complete
gcc -Wall -Wextra -Iinclude src/circular_sll.c build/logger.o -o build/circular_sll
gcc -Wall -Wextra -Iinclude src/circular_dll.c build/logger.o -o build/circular_dll
gcc -Wall -Wextra -Iinclude src/polynomial_multiplication.c build/logger.o -o build/polynomial_multiplication
gcc -Wall -Wextra -Iinclude src/long_integer_addition.c build/logger.o -o build/long_integer_addition
gcc -Wall -Wextra -Iinclude src/bst_insert.c build/logger.o -o build/bst_insert
gcc -Wall -Wextra -Iinclude src/bst_delete.c build/logger.o -o build/bst_delete
gcc -Wall -Wextra -Iinclude src/expression_tree.c build/logger.o -o build/expression_tree
gcc -Wall -Wextra -Iinclude src/heap_construction.c build/logger.o -o build/heap_construction
gcc -Wall -Wextra -Iinclude src/heap_sort.c build/logger.o -o build/heap_sort
src/heap_sort.c: In function 'main':
src/heap_sort.c:108:14: warning: unused parameter 'argc' [-Wunused-parameter]
  108 | int main(int argc, char* argv[]) {
      |          ~~~~^~~~
src/heap_sort.c:108:26: warning: unused parameter 'argv' [-Wunused-parameter]
  108 | int main(int argc, char* argv[]) {
      |                    ~~~~~~^~~~~~
src/heap_sort.c: In function 'heapSort':
src/heap_sort.c:75:37: warning: '%s' directive writing up to 255 bytes into a region of size 243 [-Wformat-overflow=]
   75 |         sprintf(msg2, "Array state: %s", currentStr);
      |                                     ^~   ~~~~~~~~~~
src/heap_sort.c:75:9: note: 'sprintf' output between 14 and 269 bytes into a destination of size 256
   75 |         sprintf(msg2, "Array state: %s", currentStr);
      |         ^~~~~~~~~~~~~~~~~~~~~~~~~~~~~~~~~~~~~~~~~~~~
gcc -Wall -Wextra -Iinclude src/priority_queue.c build/logger.o -o build/priority_queue
gcc -Wall -Wextra -Iinclude src/avl_tree.c build/logger.o -o build/avl_tree
gcc -Wall -Wextra -Iinclude src/trie.c build/logger.o -o build/trie
gcc -Wall -Wextra -Iinclude src/threaded_binary_tree.c build/logger.o -o build/threaded_binary_tree
gcc -Wall -Wextra -Iinclude src/b_plus_tree.c build/logger.o -o build/b_plus_tree
src/b_plus_tree.c: In function 'displayNode':
src/b_plus_tree.c:157:34: warning: '%s' directive writing up to 255 bytes into a region of size 240 [-Wformat-overflow=]
  157 |     sprintf(msg, "Level %d (%s): %s", level, node->isLeaf ? "leaf" : "internal", keys);
      |                                  ^~                                              ~~~~
src/b_plus_tree.c:157:5: note: 'sprintf' output 17 or more bytes (assuming 272) into a destination of size 256
  157 |     sprintf(msg, "Level %d (%s): %s", level, node->isLeaf ? "leaf" : "internal", keys);
      |     ^~~~~~~~~~~~~~~~~~~~~~~~~~~~~~~~~~~~~~~~~~~~~~~~~~~~~~~~~~~~~~~~~~~~~~~~~~~~~~~~~~
gcc -Wall -Wextra -Iinclude src/splay_tree.c build/logger.o -o build/splay_tree
gcc -Wall -Wextra -Iinclude src/adjacency_matrix.c build/logger.o -o build/adjacency_matrix
src/adjacency_matrix.c: In function 'displayAdjacencyMatrix':
src/adjacency_matrix.c:17:27: warning: ' ' directive writing 1 byte into a region of size between 0 and 8 [-Wformat-overflow=]
   17 |         sprintf(temp, "%2d ", i);
      |                           ^
src/adjacency_matrix.c:17:9: note: 'sprintf' output between 4 and 12 bytes into a destination of size 10
   17 |         sprintf(temp, "%2d ", i);
      |         ^~~~~~~~~~~~~~~~~~~~~~~~
gcc -Wall -Wextra -Iinclude src/adjacency_list.c build/logger.o -o build/adjacency_list
src/adjacency_list.c: In function 'displayAdjacencyList':
src/adjacency_list.c:74:23: warning: '%s' directive writing up to 511 bytes into a region of size 256 [-Wformat-overflow=]
   74 |         sprintf(msg, "%s", listStr);
      |                       ^~   ~~~~~~~
src/adjacency_list.c:74:9: note: 'sprintf' output between 1 and 512 bytes into a destination of size 256
   74 |         sprintf(msg, "%s", listStr);
      |         ^~~~~~~~~~~~~~~~~~~~~~~~~~~
gcc -Wall -Wextra -Iinclude src/open_hashing.c build/logger.o -o build/open_hashing
gcc -Wall -Wextra -Iinclude src/closed_hashing_linear.c build/logger.o -o build/closed_hashing_linear
gcc -Wall -Wextra -Iinclude src/closed_hashing_quadratic.c build/logger.o -o build/closed_hashing_quadratic
gcc -Wall -Wextra -Iinclude src/closed_hashing_double.c build/logger.o -o build/closed_hashing_double
